[     656ms] [INFO] %cDownload the React DevTools for a better development experience: https://reactjs.org/link/react-devtools font-weight:bold @ webpack-internal:///(app-pages-browser)/./node_modules/next/dist/compiled/react-dom/cjs/react-dom.development.js:38559
[     901ms] [WARNING] LaTeX-incompatible input and strict mode is set to 'warn': In LaTeX, \\ or \newline does nothing in display mode [newLineInDisplayMode] @ webpack-internal:///(app-pages-browser)/./node_modules/katex/dist/katex.js:412
[     902ms] [WARNING] LaTeX-incompatible input and strict mode is set to 'warn': In LaTeX, \\ or \newline does nothing in display mode [newLineInDisplayMode] @ webpack-internal:///(app-pages-browser)/./node_modules/katex/dist/katex.js:412
[     902ms] [WARNING] LaTeX-incompatible input and strict mode is set to 'warn': In LaTeX, \\ or \newline does nothing in display mode [newLineInDisplayMode] @ webpack-internal:///(app-pages-browser)/./node_modules/katex/dist/katex.js:412
[     902ms] [WARNING] LaTeX-incompatible input and strict mode is set to 'warn': In LaTeX, \\ or \newline does nothing in display mode [newLineInDisplayMode] @ webpack-internal:///(app-pages-browser)/./node_modules/katex/dist/katex.js:412
[     902ms] [WARNING] LaTeX-incompatible input and strict mode is set to 'warn': In LaTeX, \\ or \newline does nothing in display mode [newLineInDisplayMode] @ webpack-internal:///(app-pages-browser)/./node_modules/katex/dist/katex.js:412
[     903ms] [WARNING] LaTeX-incompatible input and strict mode is set to 'warn': In LaTeX, \\ or \newline does nothing in display mode [newLineInDisplayMode] @ webpack-internal:///(app-pages-browser)/./node_modules/katex/dist/katex.js:412
[     904ms] [WARNING] LaTeX-incompatible input and strict mode is set to 'warn': In LaTeX, \\ or \newline does nothing in display mode [newLineInDisplayMode] @ webpack-internal:///(app-pages-browser)/./node_modules/katex/dist/katex.js:412
[     904ms] [WARNING] LaTeX-incompatible input and strict mode is set to 'warn': In LaTeX, \\ or \newline does nothing in display mode [newLineInDisplayMode] @ webpack-internal:///(app-pages-browser)/./node_modules/katex/dist/katex.js:412
[     904ms] [WARNING] LaTeX-incompatible input and strict mode is set to 'warn': In LaTeX, \\ or \newline does nothing in display mode [newLineInDisplayMode] @ webpack-internal:///(app-pages-browser)/./node_modules/katex/dist/katex.js:412
[     904ms] [WARNING] LaTeX-incompatible input and strict mode is set to 'warn': In LaTeX, \\ or \newline does nothing in display mode [newLineInDisplayMode] @ webpack-internal:///(app-pages-browser)/./node_modules/katex/dist/katex.js:412
[     907ms] [WARNING] LaTeX-incompatible input and strict mode is set to 'warn': In LaTeX, \\ or \newline does nothing in display mode [newLineInDisplayMode] @ webpack-internal:///(app-pages-browser)/./node_modules/katex/dist/katex.js:412
[     908ms] [WARNING] LaTeX-incompatible input and strict mode is set to 'warn': In LaTeX, \\ or \newline does nothing in display mode [newLineInDisplayMode] @ webpack-internal:///(app-pages-browser)/./node_modules/katex/dist/katex.js:412
[     908ms] [WARNING] LaTeX-incompatible input and strict mode is set to 'warn': In LaTeX, \\ or \newline does nothing in display mode [newLineInDisplayMode] @ webpack-internal:///(app-pages-browser)/./node_modules/katex/dist/katex.js:412
[     908ms] [WARNING] LaTeX-incompatible input and strict mode is set to 'warn': In LaTeX, \\ or \newline does nothing in display mode [newLineInDisplayMode] @ webpack-internal:///(app-pages-browser)/./node_modules/katex/dist/katex.js:412
[     909ms] [WARNING] LaTeX-incompatible input and strict mode is set to 'warn': In LaTeX, \\ or \newline does nothing in display mode [newLineInDisplayMode] @ webpack-internal:///(app-pages-browser)/./node_modules/katex/dist/katex.js:412
[     909ms] [WARNING] LaTeX-incompatible input and strict mode is set to 'warn': In LaTeX, \\ or \newline does nothing in display mode [newLineInDisplayMode] @ webpack-internal:///(app-pages-browser)/./node_modules/katex/dist/katex.js:412
[     909ms] [WARNING] LaTeX-incompatible input and strict mode is set to 'warn': In LaTeX, \\ or \newline does nothing in display mode [newLineInDisplayMode] @ webpack-internal:///(app-pages-browser)/./node_modules/katex/dist/katex.js:412
[     909ms] [WARNING] LaTeX-incompatible input and strict mode is set to 'warn': In LaTeX, \\ or \newline does nothing in display mode [newLineInDisplayMode] @ webpack-internal:///(app-pages-browser)/./node_modules/katex/dist/katex.js:412
[   99881ms] [LOG] [Fast Refresh] rebuilding @ webpack-internal:///(app-pages-browser)/./node_modules/next/dist/client/components/react-dev-overlay/app/hot-reloader-client.js:186
[  100823ms] [LOG] [Fast Refresh] rebuilding @ webpack-internal:///(app-pages-browser)/./node_modules/next/dist/client/components/react-dev-overlay/app/hot-reloader-client.js:186
[  100923ms] [LOG] [Fast Refresh] done in 100ms @ webpack-internal:///(app-pages-browser)/./node_modules/next/dist/client/components/react-dev-overlay/app/hot-reloader-client.js:43
[  103366ms] [LOG] [Fast Refresh] done in 2543ms @ webpack-internal:///(app-pages-browser)/./node_modules/next/dist/client/components/react-dev-overlay/app/hot-reloader-client.js:43
[  104013ms] [LOG] [Fast Refresh] rebuilding @ webpack-internal:///(app-pages-browser)/./node_modules/next/dist/client/components/react-dev-overlay/app/hot-reloader-client.js:186
[  105080ms] [LOG] [Fast Refresh] done in 1067ms @ webpack-internal:///(app-pages-browser)/./node_modules/next/dist/client/components/react-dev-overlay/app/hot-reloader-client.js:43
