[     605ms] [INFO] %cDownload the React DevTools for a better development experience: https://reactjs.org/link/react-devtools font-weight:bold @ webpack-internal:///(app-pages-browser)/./node_modules/next/dist/compiled/react-dom/cjs/react-dom.development.js:38559
[     766ms] [ERROR] Failed to load resource: the server responded with a status of 404 (Not Found) @ http://localhost:3000/favicon.ico:0
[   40968ms] [ERROR] Failed to load resource: net::ERR_EMPTY_RESPONSE @ http://localhost:8000/api/progress/d08b2910-6bb4-46d5-b487-d956729faf7b:0
[   40971ms] [ERROR] Failed to load resource: net::ERR_EMPTY_RESPONSE @ http://localhost:8000/api/projects/d08b2910-6bb4-46d5-b487-d956729faf7b:0
[   40971ms] [ERROR] Failed to load resource: net::ERR_EMPTY_RESPONSE @ http://localhost:8000/api/projects/d08b2910-6bb4-46d5-b487-d956729faf7b:0
[   43982ms] [ERROR] Failed to load resource: net::ERR_EMPTY_RESPONSE @ http://localhost:8000/api/progress/d08b2910-6bb4-46d5-b487-d956729faf7b:0
[   47167ms] [WARNING] LaTeX-incompatible input and strict mode is set to 'warn': In LaTeX, \\ or \newline does nothing in display mode [newLineInDisplayMode] @ webpack-internal:///(app-pages-browser)/./node_modules/katex/dist/katex.js:412
[   47168ms] [WARNING] LaTeX-incompatible input and strict mode is set to 'warn': In LaTeX, \\ or \newline does nothing in display mode [newLineInDisplayMode] @ webpack-internal:///(app-pages-browser)/./node_modules/katex/dist/katex.js:412
[   47169ms] [WARNING] LaTeX-incompatible input and strict mode is set to 'warn': In LaTeX, \\ or \newline does nothing in display mode [newLineInDisplayMode] @ webpack-internal:///(app-pages-browser)/./node_modules/katex/dist/katex.js:412
[   47169ms] [WARNING] LaTeX-incompatible input and strict mode is set to 'warn': In LaTeX, \\ or \newline does nothing in display mode [newLineInDisplayMode] @ webpack-internal:///(app-pages-browser)/./node_modules/katex/dist/katex.js:412
[   47169ms] [WARNING] LaTeX-incompatible input and strict mode is set to 'warn': In LaTeX, \\ or \newline does nothing in display mode [newLineInDisplayMode] @ webpack-internal:///(app-pages-browser)/./node_modules/katex/dist/katex.js:412
[   47170ms] [WARNING] LaTeX-incompatible input and strict mode is set to 'warn': In LaTeX, \\ or \newline does nothing in display mode [newLineInDisplayMode] @ webpack-internal:///(app-pages-browser)/./node_modules/katex/dist/katex.js:412
[   47171ms] [WARNING] LaTeX-incompatible input and strict mode is set to 'warn': In LaTeX, \\ or \newline does nothing in display mode [newLineInDisplayMode] @ webpack-internal:///(app-pages-browser)/./node_modules/katex/dist/katex.js:412
[   47171ms] [WARNING] LaTeX-incompatible input and strict mode is set to 'warn': In LaTeX, \\ or \newline does nothing in display mode [newLineInDisplayMode] @ webpack-internal:///(app-pages-browser)/./node_modules/katex/dist/katex.js:412
[   47171ms] [WARNING] LaTeX-incompatible input and strict mode is set to 'warn': In LaTeX, \\ or \newline does nothing in display mode [newLineInDisplayMode] @ webpack-internal:///(app-pages-browser)/./node_modules/katex/dist/katex.js:412
[   47171ms] [WARNING] LaTeX-incompatible input and strict mode is set to 'warn': In LaTeX, \\ or \newline does nothing in display mode [newLineInDisplayMode] @ webpack-internal:///(app-pages-browser)/./node_modules/katex/dist/katex.js:412
[   47175ms] [WARNING] LaTeX-incompatible input and strict mode is set to 'warn': In LaTeX, \\ or \newline does nothing in display mode [newLineInDisplayMode] @ webpack-internal:///(app-pages-browser)/./node_modules/katex/dist/katex.js:412
[   47175ms] [WARNING] LaTeX-incompatible input and strict mode is set to 'warn': In LaTeX, \\ or \newline does nothing in display mode [newLineInDisplayMode] @ webpack-internal:///(app-pages-browser)/./node_modules/katex/dist/katex.js:412
[   47175ms] [WARNING] LaTeX-incompatible input and strict mode is set to 'warn': In LaTeX, \\ or \newline does nothing in display mode [newLineInDisplayMode] @ webpack-internal:///(app-pages-browser)/./node_modules/katex/dist/katex.js:412
[   47176ms] [WARNING] LaTeX-incompatible input and strict mode is set to 'warn': In LaTeX, \\ or \newline does nothing in display mode [newLineInDisplayMode] @ webpack-internal:///(app-pages-browser)/./node_modules/katex/dist/katex.js:412
[   47177ms] [WARNING] LaTeX-incompatible input and strict mode is set to 'warn': In LaTeX, \\ or \newline does nothing in display mode [newLineInDisplayMode] @ webpack-internal:///(app-pages-browser)/./node_modules/katex/dist/katex.js:412
[   47178ms] [WARNING] LaTeX-incompatible input and strict mode is set to 'warn': In LaTeX, \\ or \newline does nothing in display mode [newLineInDisplayMode] @ webpack-internal:///(app-pages-browser)/./node_modules/katex/dist/katex.js:412
[   47178ms] [WARNING] LaTeX-incompatible input and strict mode is set to 'warn': In LaTeX, \\ or \newline does nothing in display mode [newLineInDisplayMode] @ webpack-internal:///(app-pages-browser)/./node_modules/katex/dist/katex.js:412
[   47178ms] [WARNING] LaTeX-incompatible input and strict mode is set to 'warn': In LaTeX, \\ or \newline does nothing in display mode [newLineInDisplayMode] @ webpack-internal:///(app-pages-browser)/./node_modules/katex/dist/katex.js:412
